###############################################################################
#                                                                             #
# IAR ELF Linker V6.21.1.52794/W32 for ARM              03/Oct/2012  15:33:20 #
# Copyright 2007-2011 IAR Systems AB.                                         #
#                                                                             #
#    Output file  =  C:\Beta_ADuCRF101v0.4\Code\Examples\ADC\Obj\Output.out   #
#    Map file     =  C:\Beta_ADuCRF101v0.4\Code\Examples\ADC\Lst\Output.map   #
#    Command line =  C:\Beta_ADuCRF101v0.4\Code\Examples\ADC\obj\ADCchannels. #
#                    o C:\Beta_ADuCRF101v0.4\Code\Examples\ADC\obj\AdcLib.o   #
#                    C:\Beta_ADuCRF101v0.4\Code\Examples\ADC\obj\ClkLib.o     #
#                    C:\Beta_ADuCRF101v0.4\Code\Examples\ADC\obj\DioLib.o     #
#                    C:\Beta_ADuCRF101v0.4\Code\Examples\ADC\obj\GptLib.o     #
#                    C:\Beta_ADuCRF101v0.4\Code\Examples\ADC\obj\IntLib.o     #
#                    C:\Beta_ADuCRF101v0.4\Code\Examples\ADC\obj\PwrLib.o     #
#                    C:\Beta_ADuCRF101v0.4\Code\Examples\ADC\obj\Retarget.o   #
#                    C:\Beta_ADuCRF101v0.4\Code\Examples\ADC\obj\RstLib.o     #
#                    C:\Beta_ADuCRF101v0.4\Code\Examples\ADC\obj\SpiLib.o     #
#                    C:\Beta_ADuCRF101v0.4\Code\Examples\ADC\obj\UrtLib.o     #
#                    C:\Beta_ADuCRF101v0.4\Code\Examples\ADC\obj\WdtLib.o     #
#                    C:\Beta_ADuCRF101v0.4\Code\Examples\ADC\obj\WutLib.o     #
#                    C:\Beta_ADuCRF101v0.4\Code\Examples\ADC\obj\startup_ADuC #
#                    RF101.o C:\Beta_ADuCRF101v0.4\Code\Examples\ADC\obj\uart #
#                    .o -o C:\Beta_ADuCRF101v0.4\Code\Examples\ADC\Obj\Output #
#                    .out --redirect _Printf=_PrintfFull --redirect           #
#                    _Scanf=_ScanfFull --map C:\Beta_ADuCRF101v0.4\Code\Examp #
#                    les\ADC\Lst\Output.map --log                             #
#                    initialization,modules,sections,veneers --log_file       #
#                    C:\Beta_ADuCRF101v0.4\Code\Examples\ADC\Lst\Output.log   #
#                    --config C:\Beta_ADuCRF101v0.4\Code\Examples\ADC\..\..\C #
#                    ommon\IAR\ADUCRF101.icf --entry __iar_program_start      #
#                    --vfe                                                    #
#                                                                             #
#                                                                             #
###############################################################################

*******************************************************************************
*** RUNTIME MODEL ATTRIBUTES
***

CppFlavor       = *
__SystemLibrary = DLib


*******************************************************************************
*** PLACEMENT SUMMARY
***

"A1":  place at 0x00000000 { ro section .intvec };
"P1":  place in [from 0x00000000 to 0x0001ffff] { ro };
"P2":  place in [from 0x20000000 to 0x20003fff] { rw, block CSTACK, block HEAP };

  Section            Kind        Address    Size  Object
  -------            ----        -------    ----  ------
"A1":                                       0xf0
  .intvec            ro code  0x00000000    0xf0  startup_ADuCRF101.o [1]
                            - 0x000000f0    0xf0

"P1":                                     0x1cf4
  .text              ro code  0x000000f0   0xd1e  xprintffull.o [3]
  .text              ro code  0x00000e0e    0x2e  copy_init3.o [5]
  .text              ro code  0x00000e3c    0x16  strchr.o [5]
  .text              ro code  0x00000e52    0x22  zero_init3.o [5]
  .text              ro code  0x00000e74    0x36  strlen.o [5]
  .text              ro code  0x00000eac    0x58  memchr.o [5]
  .text              ro code  0x00000f04   0x12e  I64DivMod.o [5]
  .text              ro code  0x00001034    0x70  ABImemcpy.o [5]
  .text              ro code  0x000010a4    0x44  xdnorm.o [4]
  .text              ro code  0x000010e8    0x2e  DblCmpLe.o [4]
  .text              ro code  0x00001118    0x2e  DblCmpGe.o [4]
  .text              ro code  0x00001148   0x118  xdscale.o [4]
  .text              ro code  0x00001260    0x56  DblToI32.o [4]
  .text              ro code  0x000012b8    0x2e  I32ToDbl.o [4]
  .text              ro code  0x000012e8   0x17e  DblSub.o [4]
  .text              ro code  0x00001468   0x1a2  DblMul.o [4]
  .text              ro code  0x0000160c   0x246  DblDiv.o [4]
  .text              ro code  0x00001852     0xe  div.o [3]
  .text              ro code  0x00001860     0x2  I64DivZer.o [5]
  .text              ro code  0x00001864    0xe6  DblAdd.o [4]
  .text              ro code  0x0000194c   0x190  ADCchannels.o [1]
  .text              ro code  0x00001adc    0x1c  WdtLib.o [1]
  .text              ro code  0x00001af8    0xe0  AdcLib.o [1]
  .text              ro code  0x00001bd8    0x30  GptLib.o [1]
  .text              ro code  0x00001c08    0x24  printf.o [3]
  .text              ro code  0x00001c2c    0x5c  UrtLib.o [1]
  .text              ro code  0x00001c88    0x2c  data_init3.o [5]
  .text              ro code  0x00001cb4    0x28  putchar.o [3]
  .text              ro code  0x00001cdc    0x26  Retarget.o [1]
  .text              ro code  0x00001d04    0x1c  uart.o [1]
  .iar.init_table    const    0x00001d20    0x24  - Linker created -
  .rodata            const    0x00001d44    0x18  ADCchannels.o [1]
  .text              ro code  0x00001d5c    0x16  cmain.o [5]
  .text              ro code  0x00001d72     0x4  low_level_init.o [3]
  .text              ro code  0x00001d76     0x8  exit.o [3]
  .text              ro code  0x00001d80     0xa  cexit.o [5]
  .text              ro code  0x00001d8c     0xc  XXexit.o [5]
  .text              ro code  0x00001d98    0x16  xprout.o [3]
  .rodata            const    0x00001db0     0xc  ADCchannels.o [1]
  .rodata            const    0x00001dbc     0xc  ADCchannels.o [1]
  .text              ro code  0x00001dc8     0xc  cstartup_M.o [5]
  .text              ro code  0x00001dd4     0x4  startup_ADuCRF101.o [1]
  .rodata            const    0x00001dd8     0x0  bwt_init3c.o [5]
  Initializer bytes  ro data  0x00001dd8     0xc  <for P2 s0>
                            - 0x00001de4  0x1cf4

"P2", part 1 of 3:                           0xc
  P2 s0                       0x20000000     0xc  <Init block>
    .data            inited   0x20000000     0xc  ADCchannels.o [1]
                            - 0x2000000c     0xc

"P2", part 2 of 3:                           0x4
  .bss               zero     0x2000000c     0x1  ADCchannels.o [1]
                            - 0x2000000d     0x1

"P2", part 3 of 3:                         0x400
  CSTACK                      0x20000010   0x400  <Block>
    CSTACK           uninit   0x20000010   0x400  <Block tail>
                            - 0x20000410   0x400


*******************************************************************************
*** INIT TABLE
***

          Address     Size
          -------     ----
Zero (__iar_zero_init3)
    1 destination range, total size 0x1:
          0x2000000c   0x1

Copy (__iar_copy_init3)
    1 source range, total size 0xc:
          0x00001dd8   0xc
    1 destination range, total size 0xc:
          0x20000000   0xc


*******************************************************************************
*** MODULE SUMMARY
***

    Module               ro code  ro data  rw data
    ------               -------  -------  -------
C:\Beta_ADuCRF101v0.4\Code\Examples\ADC\obj: [1]
    ADCchannels.o            400       60       13
    AdcLib.o                 224
    GptLib.o                  48
    Retarget.o                38
    UrtLib.o                  92
    WdtLib.o                  28
    startup_ADuCRF101.o      244
    uart.o                    28
    ----------------------------------------------
    Total:                 1 102       60       13

command line: [2]
    ----------------------------------------------
    Total:

dl7M_tln.a: [3]
    div.o                     14
    exit.o                     8
    low_level_init.o           4
    printf.o                  36
    putchar.o                 40
    xprintffull.o          3 358
    xprout.o                  22
    ----------------------------------------------
    Total:                 3 482

m7M_tl.a: [4]
    DblAdd.o                 230
    DblCmpGe.o                46
    DblCmpLe.o                46
    DblDiv.o                 582
    DblMul.o                 418
    DblSub.o                 382
    DblToI32.o                86
    I32ToDbl.o                46
    xdnorm.o                  68
    xdscale.o                280
    ----------------------------------------------
    Total:                 2 184

rt7M_tl.a: [5]
    ABImemcpy.o              112
    I64DivMod.o              302
    I64DivZer.o                2
    XXexit.o                  12
    bwt_init3c.o
    cexit.o                   10
    cmain.o                   22
    copy_init3.o              46
    cstartup_M.o              12
    data_init3.o              44
    memchr.o                  88
    strchr.o                  22
    strlen.o                  54
    zero_init3.o              34
    ----------------------------------------------
    Total:                   760

    Gaps                      26        2
    Linker created                     36    1 024
--------------------------------------------------
    Grand Total:           7 554       98    1 037


*******************************************************************************
*** ENTRY LIST
***

Entry                      Address   Size  Type      Object
-----                      -------   ----  ----      ------
?main                   0x00001d5d         Code  Gb  cmain.o [5]
ADC0_Int_Handler        0x00001dd5         Code  Wk  startup_ADuCRF101.o [1]
AdcCfg                  0x00001b73    0xe  Code  Gb  AdcLib.o [1]
AdcCnv                  0x00001b27   0x2c  Code  Gb  AdcLib.o [1]
AdcInit                 0x00001b1b    0xc  Code  Gb  AdcLib.o [1]
AdcPd                   0x00001af9   0x22  Code  Gb  AdcLib.o [1]
AdcRd                   0x00001b53   0x14  Code  Gb  AdcLib.o [1]
AdcSta                  0x00001b67    0xc  Code  Gb  AdcLib.o [1]
BusFault_Handler        0x00001dd5         Code  Wk  startup_ADuCRF101.o [1]
CSTACK$$Base            0x20000010          --   Gb  - Linker created -
CSTACK$$Limit           0x20000410          --   Gb  - Linker created -
DMA_ADC_Int_Handler     0x00001dd5         Code  Wk  startup_ADuCRF101.o [1]
DMA_Err_Int_Handler     0x00001dd5         Code  Wk  startup_ADuCRF101.o [1]
DMA_I2C0_MRX_Int_Handler
                        0x00001dd5         Code  Wk  startup_ADuCRF101.o [1]
DMA_I2C0_MTX_Int_Handler
                        0x00001dd5         Code  Wk  startup_ADuCRF101.o [1]
DMA_I2C0_SRX_Int_Handler
                        0x00001dd5         Code  Wk  startup_ADuCRF101.o [1]
DMA_I2C0_STX_Int_Handler
                        0x00001dd5         Code  Wk  startup_ADuCRF101.o [1]
DMA_SPI0_RX_Int_Handler
                        0x00001dd5         Code  Wk  startup_ADuCRF101.o [1]
DMA_SPI0_TX_Int_Handler
                        0x00001dd5         Code  Wk  startup_ADuCRF101.o [1]
DMA_SPI1_RX_Int_Handler
                        0x00001dd5         Code  Wk  startup_ADuCRF101.o [1]
DMA_SPI1_TX_Int_Handler
                        0x00001dd5         Code  Wk  startup_ADuCRF101.o [1]
DMA_UART_RX_Int_Handler
                        0x00001dd5         Code  Wk  startup_ADuCRF101.o [1]
DMA_UART_TX_Int_Handler
                        0x00001dd5         Code  Wk  startup_ADuCRF101.o [1]
DebugMon_Handler        0x00001dd5         Code  Wk  startup_ADuCRF101.o [1]
Ext_Int0_Handler        0x00001dd5         Code  Wk  startup_ADuCRF101.o [1]
Ext_Int1_Handler        0x00001dd5         Code  Wk  startup_ADuCRF101.o [1]
Ext_Int2_Handler        0x00001dd5         Code  Wk  startup_ADuCRF101.o [1]
Ext_Int3_Handler        0x00001dd5         Code  Wk  startup_ADuCRF101.o [1]
Ext_Int4_Handler        0x00001dd5         Code  Wk  startup_ADuCRF101.o [1]
Ext_Int5_Handler        0x00001dd5         Code  Wk  startup_ADuCRF101.o [1]
Ext_Int6_Handler        0x00001dd5         Code  Wk  startup_ADuCRF101.o [1]
Ext_Int7_Handler        0x00001dd5         Code  Wk  startup_ADuCRF101.o [1]
Ext_Int8_Handler        0x00001dd5         Code  Wk  startup_ADuCRF101.o [1]
Fault_Handler           0x00001dd5         Code  Wk  startup_ADuCRF101.o [1]
Flsh_Int_Handler        0x00001dd5         Code  Wk  startup_ADuCRF101.o [1]
GP_Tmr0_Int_Handler     0x00001dd5         Code  Wk  startup_ADuCRF101.o [1]
GP_Tmr1_Int_Handler     0x00001a97   0x1c  Code  Gb  ADCchannels.o [1]
GptCfg                  0x00001bd9   0x20  Code  Gb  GptLib.o [1]
GptClrInt               0x00001c03    0x6  Code  Gb  GptLib.o [1]
GptLd                   0x00001bf9    0x6  Code  Gb  GptLib.o [1]
GptSta                  0x00001bff    0x4  Code  Gb  GptLib.o [1]
I2C0_Master_Int_Handler
                        0x00001dd5         Code  Wk  startup_ADuCRF101.o [1]
I2C0_Slave_Int_Handler  0x00001dd5         Code  Wk  startup_ADuCRF101.o [1]
MemManage_Handler       0x00001dd5         Code  Wk  startup_ADuCRF101.o [1]
NVIC_DisableIRQ         0x00001963   0x16  Code  Lc  ADCchannels.o [1]
NVIC_EnableIRQ          0x0000194d   0x16  Code  Lc  ADCchannels.o [1]
Nmi_Handler             0x00001dd5         Code  Wk  startup_ADuCRF101.o [1]
PWM0_Int_Handler        0x00001dd5         Code  Wk  startup_ADuCRF101.o [1]
PWM1_Int_Handler        0x00001dd5         Code  Wk  startup_ADuCRF101.o [1]
PWM2_Int_Handler        0x00001dd5         Code  Wk  startup_ADuCRF101.o [1]
PWM3_Int_Handler        0x00001dd5         Code  Wk  startup_ADuCRF101.o [1]
PWMTrip_Int_Handler     0x00001dd5         Code  Wk  startup_ADuCRF101.o [1]
PendSV_Handler          0x00001dd5         Code  Wk  startup_ADuCRF101.o [1]
Region$$Table$$Base     0x00001d20          --   Gb  - Linker created -
Region$$Table$$Limit    0x00001d44          --   Gb  - Linker created -
SB                      0x00001dd8         Data  Gb  bwt_init3c.o [5]
SPI0_Int_Handler        0x00001dd5         Code  Wk  startup_ADuCRF101.o [1]
SPI1_Int_Handler        0x00001dd5         Code  Wk  startup_ADuCRF101.o [1]
SVC_Handler             0x00001dd5         Code  Wk  startup_ADuCRF101.o [1]
SysTick_Handler         0x00001dd5         Code  Wk  startup_ADuCRF101.o [1]
UARTInit                0x00001a6d   0x2a  Code  Gb  ADCchannels.o [1]
UART_Int_Handler        0x00001dd5         Code  Wk  startup_ADuCRF101.o [1]
UnUsed_Handler          0x00001dd5         Code  Wk  startup_ADuCRF101.o [1]
UrtCfg                  0x00001c2d   0x40  Code  Gb  UrtLib.o [1]
Urt_DataBytWr           0x00001d05   0x10  Code  Gb  uart.o [1]
UsageFault_Handler      0x00001dd5         Code  Wk  startup_ADuCRF101.o [1]
WDog_Tmr_Int_Handler    0x00001dd5         Code  Wk  startup_ADuCRF101.o [1]
WakeUp_Int_Handler      0x00001dd5         Code  Wk  startup_ADuCRF101.o [1]
WdtGo                   0x00001add   0x16  Code  Gb  WdtLib.o [1]
_GenldFull              0x00000b51  0x270  Code  Lc  xprintffull.o [3]
_LdtobFull              0x0000073f  0x402  Code  Lc  xprintffull.o [3]
_LitobFull              0x00000619  0x126  Code  Lc  xprintffull.o [3]
_PrintfFull             0x000000f1  0x528  Code  Gb  xprintffull.o [3]
_Prout                  0x00001d99   0x16  Code  Gb  xprout.o [3]
_PutcharsFull           0x00000dc1   0x32  Code  Lc  xprintffull.o [3]
__aeabi_cdcmple         0x000010e9         Code  Gb  DblCmpLe.o [4]
__aeabi_cdrcmple        0x00001119         Code  Gb  DblCmpGe.o [4]
__aeabi_d2iz            0x00001261         Code  Gb  DblToI32.o [4]
__aeabi_d2uiz           0x0000128d         Code  Gb  DblToI32.o [4]
__aeabi_dadd            0x00001865         Code  Gb  DblAdd.o [4]
__aeabi_ddiv            0x0000160d         Code  Gb  DblDiv.o [4]
__aeabi_dmul            0x00001469         Code  Gb  DblMul.o [4]
__aeabi_dsub            0x000012e9         Code  Gb  DblSub.o [4]
__aeabi_i2d             0x000012b9         Code  Gb  I32ToDbl.o [4]
__aeabi_ldiv0           0x00001861         Code  Gb  I64DivZer.o [5]
__aeabi_ldivmod         0x00000f05         Code  Gb  I64DivMod.o [5]
__aeabi_memcpy          0x00001035         Code  Gb  ABImemcpy.o [5]
__aeabi_memcpy4         0x0000104f         Code  Gb  ABImemcpy.o [5]
__aeabi_memcpy8         0x0000104f         Code  Gb  ABImemcpy.o [5]
__aeabi_ui2d            0x000012cd         Code  Gb  I32ToDbl.o [4]
__aeabi_uldivmod        0x00000f19         Code  Gb  I64DivMod.o [5]
__cmain                 0x00001d5d         Code  Gb  cmain.o [5]
__exit                  0x00001d8d         Code  Gb  XXexit.o [5]
__iar_Dnorm             0x000010a5   0x44  Code  Gb  xdnorm.o [4]
__iar_Dscale            0x00001149  0x118  Code  Gb  xdscale.o [4]
__iar_Memchr            0x00000ead         Code  Gb  memchr.o [5]
__iar_Strchr            0x00000e3d         Code  Gb  strchr.o [5]
__iar_copy_init3        0x00000e0f   0x2e  Code  Gb  copy_init3.o [5]
__iar_d2uiz             0x00001297         Code  Gb  DblToI32.o [4]
__iar_dadd              0x00001877         Code  Gb  DblAdd.o [4]
__iar_data_init3        0x00001c89   0x2c  Code  Gb  data_init3.o [5]
__iar_default_requirements$$_Printf<unknown>printf {Abs}
                        0x00000000          --   Gb  printf.o [3]
__iar_dsub              0x000012fb         Code  Gb  DblSub.o [4]
__iar_dsubStart         0x0000130d         Code  Gb  DblSub.o [4]
__iar_program_start     0x00001dc9         Code  Gb  cstartup_M.o [5]
__iar_provide$$_Printf<flags,floats,hex_floats,int_specials,long_longs,n_formatters,qualifiers,widths>_PrintfFull {Abs}
                        0x00000000          --   Gb  xprintffull.o [3]
__iar_ui2d              0x000012cf         Code  Gb  I32ToDbl.o [4]
__iar_zero_init3        0x00000e53   0x22  Code  Gb  zero_init3.o [5]
__low_level_init        0x00001d73    0x4  Code  Gb  low_level_init.o [3]
__vector_table          0x00000000         Data  Gb  startup_ADuCRF101.o [1]
__write                 0x00001cdd   0x26  Code  Gb  Retarget.o [1]
_call_main              0x00001d69         Code  Gb  cmain.o [5]
_exit                   0x00001d81         Code  Gb  cexit.o [5]
_main                   0x00001d6f         Code  Gb  cmain.o [5]
cSeq                    0x20000000    0xc  Data  Gb  ADCchannels.o [1]
div                     0x00001853    0xe  Code  Gb  div.o [3]
exit                    0x00001d77    0x8  Code  Gb  exit.o [3]
gain_correction         0x00001b81   0x42  Code  Gb  AdcLib.o [1]
main                    0x00001979   0xf4  Code  Gb  ADCchannels.o [1]
memchr                  0x00000ead         Code  Gb  memchr.o [5]
printf                  0x00001c09   0x24  Code  Gb  printf.o [3]
putchar                 0x00001cb5   0x28  Code  Gb  putchar.o [3]
strchr                  0x00000e3d         Code  Gb  strchr.o [5]
strlen                  0x00000e75         Code  Gb  strlen.o [5]
ucTimeout               0x2000000c    0x1  Data  Gb  ADCchannels.o [1]


[1] = C:\Beta_ADuCRF101v0.4\Code\Examples\ADC\obj
[2] = command line
[3] = dl7M_tln.a
[4] = m7M_tl.a
[5] = rt7M_tl.a

  7 554 bytes of readonly  code memory
     98 bytes of readonly  data memory
  1 037 bytes of readwrite data memory

Errors: none
Warnings: none
