ARM Linker, 5.02 [Build 28] [MDK-ARM Lite]

==============================================================================

Section Cross References

    startup_aducrf101.o(RESET) refers to startup_aducrf101.o(STACK) for __initial_sp
    startup_aducrf101.o(RESET) refers to startup_aducrf101.o(.text) for Reset_Handler
    startup_aducrf101.o(RESET) refers to switches.o(.text) for Ext_Int3_Handler
    startup_aducrf101.o(RESET) refers to radioeng.o(.text) for Ext_Int8_Handler
    startup_aducrf101.o(RESET) refers to microphone.o(.text) for GP_Tmr0_Int_Handler
    startup_aducrf101.o(.text) refers to entry.o(.ARM.Collect$$$$00000000) for __main
    main.o(.text) refers to config.o(.text) for ConfigPins
    main.o(.text) refers to switches.o(.text) for Config_External_Interrup
    main.o(.text) refers to leds.o(.text) for leds
    main.o(.text) refers to radioeng.o(.text) for InitRadioTransmit
    main.o(.text) refers to batery.o(.text) for batery
    main.o(.text) refers to microphone.o(.text) for Config_Timer0
    main.o(.text) refers to switches.o(.data) for channel
    main.o(.text) refers to microphone.o(.data) for address
    switches.o(.text) refers to leds.o(.text) for leds
    switches.o(.text) refers to switches.o(.data) for num_button
    switches.o(.text) refers to microphone.o(.data) for address
    batery.o(.text) refers to leds.o(.text) for leds
    batery.o(.text) refers to batery.o(.data) for ADC_value
    microphone.o(.text) refers to radioeng.o(.text) for RadioCopyShort
    microphone.o(.text) refers to microphone.o(.data) for ADC_voice
    radioeng.o(.text) refers to memcpya.o(.text) for __aeabi_memcpy
    radioeng.o(.text) refers to radioeng.o(.bss) for RadioConfiguration
    radioeng.o(.text) refers to radioeng.o(.data) for bTestModeEnabled
    radioeng.o(.text) refers to radioeng.o(.constdata) for DR_1_0kbps_Dev10_0kpbs_Configuration
    radioeng.o(.text) refers to dfltui.o(.text) for __aeabi_ui2d
    radioeng.o(.text) refers to dmul.o(.text) for __aeabi_dmul
    radioeng.o(.text) refers to dfixui.o(.text) for __aeabi_d2uiz
    entry.o(.ARM.Collect$$$$00000000) refers (Special) to entry7b.o(.ARM.Collect$$$$00000008) for _main_clock
    entry.o(.ARM.Collect$$$$00000000) refers (Special) to entry8.o(.ARM.Collect$$$$00000009) for _main_init
    entry.o(.ARM.Collect$$$$00000000) refers (Special) to entry5.o(.ARM.Collect$$$$00000004) for _main_scatterload
    entry.o(.ARM.Collect$$$$00000000) refers (Special) to entry2.o(.ARM.Collect$$$$00000001) for _main_stk
    dmul.o(.text) refers (Special) to iusefp.o(.text) for __I$use$fp
    dmul.o(.text) refers to depilogue.o(.text) for _double_epilogue
    dfltui.o(.text) refers (Special) to iusefp.o(.text) for __I$use$fp
    dfltui.o(.text) refers to depilogue.o(.text) for _double_epilogue
    dfixui.o(.text) refers (Special) to iusefp.o(.text) for __I$use$fp
    dfixui.o(.text) refers to llushr.o(.text) for __aeabi_llsr
    entry2.o(.ARM.Collect$$$$00000001) refers to entry2.o(.ARM.Collect$$$$00002712) for __lit__00000000
    entry2.o(.ARM.Collect$$$$00002712) refers to startup_aducrf101.o(STACK) for __initial_sp
    entry2.o(__vectab_stack_and_reset_area) refers to startup_aducrf101.o(STACK) for __initial_sp
    entry2.o(__vectab_stack_and_reset_area) refers to entry.o(.ARM.Collect$$$$00000000) for __main
    entry5.o(.ARM.Collect$$$$00000004) refers to init.o(.text) for __scatterload
    entry8.o(.ARM.Collect$$$$00000009) refers to main.o(.text) for main
    depilogue.o(.text) refers to llshl.o(.text) for __aeabi_llsl
    depilogue.o(.text) refers to llushr.o(.text) for __aeabi_llsr
    init.o(.text) refers to entry5.o(.ARM.Collect$$$$00000004) for __main_after_scatterload


==============================================================================

Removing Unused input sections from the image.

    Removing startup_aducrf101.o(HEAP), (512 bytes).
    Removing main.o(.rev16_text), (4 bytes).
    Removing main.o(.revsh_text), (4 bytes).
    Removing switches.o(.rev16_text), (4 bytes).
    Removing switches.o(.revsh_text), (4 bytes).
    Removing batery.o(.rev16_text), (4 bytes).
    Removing batery.o(.revsh_text), (4 bytes).
    Removing leds.o(.rev16_text), (4 bytes).
    Removing leds.o(.revsh_text), (4 bytes).
    Removing microphone.o(.rev16_text), (4 bytes).
    Removing microphone.o(.revsh_text), (4 bytes).
    Removing radioeng.o(.rev16_text), (4 bytes).
    Removing radioeng.o(.revsh_text), (4 bytes).
    Removing config.o(.rev16_text), (4 bytes).
    Removing config.o(.revsh_text), (4 bytes).

15 unused section(s) (total 568 bytes) removed from the image.

==============================================================================

Image Symbol Table

    Local Symbols

    Symbol Name                              Value     Ov Type        Size  Object(Section)

    RESET                                    0x00000000   Section      240  startup_aducrf101.o(RESET)
    ../clib/microlib/init/entry.s            0x00000000   Number         0  entry.o ABSOLUTE
    ../clib/microlib/init/entry.s            0x00000000   Number         0  entry2.o ABSOLUTE
    ../clib/microlib/init/entry.s            0x00000000   Number         0  entry5.o ABSOLUTE
    ../clib/microlib/init/entry.s            0x00000000   Number         0  entry7a.o ABSOLUTE
    ../clib/microlib/init/entry.s            0x00000000   Number         0  entry7b.o ABSOLUTE
    ../clib/microlib/init/entry.s            0x00000000   Number         0  entry8.o ABSOLUTE
    ../clib/microlib/longlong.c              0x00000000   Number         0  llshl.o ABSOLUTE
    ../clib/microlib/longlong.c              0x00000000   Number         0  llushr.o ABSOLUTE
    ../clib/microlib/string/memcpy.c         0x00000000   Number         0  memcpyb.o ABSOLUTE
    ../clib/microlib/string/memcpy.c         0x00000000   Number         0  memcpya.o ABSOLUTE
    ../clib/microlib/stubs.s                 0x00000000   Number         0  useno.o ABSOLUTE
    ../clib/microlib/stubs.s                 0x00000000   Number         0  iusefp.o ABSOLUTE
    ../fplib/microlib/fpepilogue.c           0x00000000   Number         0  depilogue.o ABSOLUTE
    ../fplib/microlib/fpfix.c                0x00000000   Number         0  dfixui.o ABSOLUTE
    ../fplib/microlib/fpflt.c                0x00000000   Number         0  dfltui.o ABSOLUTE
    ../fplib/microlib/fpmul.c                0x00000000   Number         0  dmul.o ABSOLUTE
    ..\..\Common\RealView\startup_ADuCRF101.s 0x00000000   Number         0  startup_aducrf101.o ABSOLUTE
    batery.c                                 0x00000000   Number         0  batery.o ABSOLUTE
    batery.c                                 0x00000000   Number         0  batery.o ABSOLUTE
    config.c                                 0x00000000   Number         0  config.o ABSOLUTE
    config.c                                 0x00000000   Number         0  config.o ABSOLUTE
    dc.s                                     0x00000000   Number         0  dc.o ABSOLUTE
    handlers.s                               0x00000000   Number         0  handlers.o ABSOLUTE
    init.s                                   0x00000000   Number         0  init.o ABSOLUTE
    leds.c                                   0x00000000   Number         0  leds.o ABSOLUTE
    leds.c                                   0x00000000   Number         0  leds.o ABSOLUTE
    main.c                                   0x00000000   Number         0  main.o ABSOLUTE
    main.c                                   0x00000000   Number         0  main.o ABSOLUTE
    microphone.c                             0x00000000   Number         0  microphone.o ABSOLUTE
    microphone.c                             0x00000000   Number         0  microphone.o ABSOLUTE
    radioeng.c                               0x00000000   Number         0  radioeng.o ABSOLUTE
    radioeng.c                               0x00000000   Number         0  radioeng.o ABSOLUTE
    switches.c                               0x00000000   Number         0  switches.o ABSOLUTE
    switches.c                               0x00000000   Number         0  switches.o ABSOLUTE
    .ARM.Collect$$$$00000000                 0x000000f0   Section        0  entry.o(.ARM.Collect$$$$00000000)
    .ARM.Collect$$$$00000001                 0x000000f0   Section        4  entry2.o(.ARM.Collect$$$$00000001)
    .ARM.Collect$$$$00000004                 0x000000f4   Section        4  entry5.o(.ARM.Collect$$$$00000004)
    .ARM.Collect$$$$00000008                 0x000000f8   Section        0  entry7b.o(.ARM.Collect$$$$00000008)
    .ARM.Collect$$$$00000009                 0x000000f8   Section        8  entry8.o(.ARM.Collect$$$$00000009)
    .ARM.Collect$$$$00002712                 0x00000100   Section        4  entry2.o(.ARM.Collect$$$$00002712)
    __lit__00000000                          0x00000100   Data           4  entry2.o(.ARM.Collect$$$$00002712)
    .text                                    0x00000104   Section       28  startup_aducrf101.o(.text)
    .text                                    0x00000120   Section        0  main.o(.text)
    .text                                    0x00000178   Section        0  switches.o(.text)
    .text                                    0x0000057c   Section        0  batery.o(.text)
    .text                                    0x000005d8   Section        0  leds.o(.text)
    .text                                    0x000007ac   Section        0  microphone.o(.text)
    .text                                    0x00000898   Section        0  radioeng.o(.text)
    RadioSPIXferByte                         0x000008a5   Thumb Code    44  radioeng.o(.text)
    RadioReadState                           0x000008d1   Thumb Code    74  radioeng.o(.text)
    RadioWaitOnState                         0x0000091b   Thumb Code    30  radioeng.o(.text)
    RadioSendCommandBytes                    0x00000939   Thumb Code    66  radioeng.o(.text)
    RadioSendCommandNoWait                   0x0000097b   Thumb Code    16  radioeng.o(.text)
    RadioToOnMode                            0x0000098b   Thumb Code   128  radioeng.o(.text)
    RadioWaitOnCmdLdr                        0x00000a0b   Thumb Code    80  radioeng.o(.text)
    RadioSendCommandWait                     0x00000a5b   Thumb Code    32  radioeng.o(.text)
    RadioMMapWrite                           0x00000a7b   Thumb Code   100  radioeng.o(.text)
    RadioToOffMode                           0x00000adf   Thumb Code   128  radioeng.o(.text)
    RadioConfigure                           0x00000b5f   Thumb Code    48  radioeng.o(.text)
    RadioCommitRadioConfig                   0x00000b8f   Thumb Code   100  radioeng.o(.text)
    SetRadioConfiguration                    0x00000bf3   Thumb Code    92  radioeng.o(.text)
    RadioSyncComms                           0x00000c4f   Thumb Code    26  radioeng.o(.text)
    RadioWaitForPowerUp                      0x00000c69   Thumb Code    42  radioeng.o(.text)
    RadioMMapRead                            0x000010bf   Thumb Code   180  radioeng.o(.text)
    NVIC_EnableIRQ                           0x000013a5   Thumb Code    24  radioeng.o(.text)
    NVIC_DisableIRQ                          0x000013bd   Thumb Code    18  radioeng.o(.text)
    .text                                    0x000013f0   Section        0  config.o(.text)
    .text                                    0x000014a4   Section        0  memcpya.o(.text)
    .text                                    0x000014c8   Section        0  dmul.o(.text)
    .text                                    0x000015ac   Section        0  dfltui.o(.text)
    .text                                    0x000015c6   Section        0  dfixui.o(.text)
    .text                                    0x000015f8   Section        0  llushr.o(.text)
    .text                                    0x00001618   Section        0  iusefp.o(.text)
    .text                                    0x00001618   Section        0  depilogue.o(.text)
    .text                                    0x000016d8   Section       36  init.o(.text)
    .text                                    0x000016fc   Section        0  llshl.o(.text)
    i.__scatterload_copy                     0x0000171a   Section       14  handlers.o(i.__scatterload_copy)
    i.__scatterload_null                     0x00001728   Section        2  handlers.o(i.__scatterload_null)
    i.__scatterload_zeroinit                 0x0000172a   Section       14  handlers.o(i.__scatterload_zeroinit)
    .constdata                               0x00001738   Section      192  radioeng.o(.constdata)
    .data                                    0x20000000   Section       28  switches.o(.data)
    .data                                    0x2000001c   Section        2  batery.o(.data)
    .data                                    0x20000020   Section       10  microphone.o(.data)
    .data                                    0x2000002c   Section       10  radioeng.o(.data)
    bRadioConfigurationChanged               0x2000002c   Data           1  radioeng.o(.data)
    bTestModeEnabled                         0x2000002d   Data           1  radioeng.o(.data)
    DataRate                                 0x20000030   Data           4  radioeng.o(.data)
    bPacketTx                                0x20000034   Data           1  radioeng.o(.data)
    bPacketRx                                0x20000035   Data           1  radioeng.o(.data)
    .bss                                     0x20000038   Section       64  radioeng.o(.bss)
    RadioConfiguration                       0x20000038   Data          64  radioeng.o(.bss)
    STACK                                    0x20000078   Section     1024  startup_aducrf101.o(STACK)

    Global Symbols

    Symbol Name                              Value     Ov Type        Size  Object(Section)

    BuildAttributes$$THM_ISAv4$P$D$K$B$S$PE$A:L22UL41UL21$X:L11$S22US41US21$IEEE1$IW$USESV6$~STKCKD$USESV7$~SHL$OSPACE$ROPI$EBA8$MICROLIB$REQ8$PRES8$EABIv2 0x00000000   Number         0  anon$$obj.o ABSOLUTE
    __ARM_use_no_argv                        0x00000000   Number         0  main.o ABSOLUTE
    __Vectors                                0x00000000   Data           4  startup_aducrf101.o(RESET)
    __use_no_errno                           0x00000000   Number         0  useno.o ABSOLUTE
    __use_no_exception_handling              0x00000000   Number         0  useno.o ABSOLUTE
    __use_no_fp                              0x00000000   Number         0  useno.o ABSOLUTE
    __use_no_heap                            0x00000000   Number         0  useno.o ABSOLUTE
    __use_no_heap_region                     0x00000000   Number         0  useno.o ABSOLUTE
    __use_no_semihosting                     0x00000000   Number         0  useno.o ABSOLUTE
    __use_no_semihosting_swi                 0x00000000   Number         0  useno.o ABSOLUTE
    __use_no_signal_handling                 0x00000000   Number         0  useno.o ABSOLUTE
    __decompress                              - Undefined Weak Reference
    _clock_init                               - Undefined Weak Reference
    __Vectors_End                            0x000000f0   Data           0  startup_aducrf101.o(RESET)
    __Vectors_Size                           0x000000f0   Number         0  startup_aducrf101.o ABSOLUTE
    __main                                   0x000000f1   Thumb Code     0  entry.o(.ARM.Collect$$$$00000000)
    _main_stk                                0x000000f1   Thumb Code     0  entry2.o(.ARM.Collect$$$$00000001)
    _main_scatterload                        0x000000f5   Thumb Code     0  entry5.o(.ARM.Collect$$$$00000004)
    __main_after_scatterload                 0x000000f9   Thumb Code     0  entry5.o(.ARM.Collect$$$$00000004)
    _main_clock                              0x000000f9   Thumb Code     0  entry7b.o(.ARM.Collect$$$$00000008)
    _main_init                               0x000000f9   Thumb Code     0  entry8.o(.ARM.Collect$$$$00000009)
    Reset_Handler                            0x00000105   Thumb Code     4  startup_aducrf101.o(.text)
    NMI_Handler                              0x00000109   Thumb Code     2  startup_aducrf101.o(.text)
    HardFault_Handler                        0x0000010b   Thumb Code     2  startup_aducrf101.o(.text)
    MemManage_Handler                        0x0000010d   Thumb Code     2  startup_aducrf101.o(.text)
    BusFault_Handler                         0x0000010f   Thumb Code     2  startup_aducrf101.o(.text)
    UsageFault_Handler                       0x00000111   Thumb Code     2  startup_aducrf101.o(.text)
    SVC_Handler                              0x00000113   Thumb Code     2  startup_aducrf101.o(.text)
    DebugMon_Handler                         0x00000115   Thumb Code     2  startup_aducrf101.o(.text)
    PendSV_Handler                           0x00000117   Thumb Code     2  startup_aducrf101.o(.text)
    SysTick_Handler                          0x00000119   Thumb Code     2  startup_aducrf101.o(.text)
    ADC0_Int_Handler                         0x0000011b   Thumb Code     0  startup_aducrf101.o(.text)
    DMA_ADC_Int_Handler                      0x0000011b   Thumb Code     0  startup_aducrf101.o(.text)
    DMA_Err_Int_Handler                      0x0000011b   Thumb Code     0  startup_aducrf101.o(.text)
    DMA_I2C0_MRX_Int_Handler                 0x0000011b   Thumb Code     0  startup_aducrf101.o(.text)
    DMA_I2C0_MTX_Int_Handler                 0x0000011b   Thumb Code     0  startup_aducrf101.o(.text)
    DMA_I2C0_SRX_Int_Handler                 0x0000011b   Thumb Code     0  startup_aducrf101.o(.text)
    DMA_I2C0_STX_Int_Handler                 0x0000011b   Thumb Code     0  startup_aducrf101.o(.text)
    DMA_SPI0_RX_Int_Handler                  0x0000011b   Thumb Code     0  startup_aducrf101.o(.text)
    DMA_SPI0_TX_Int_Handler                  0x0000011b   Thumb Code     0  startup_aducrf101.o(.text)
    DMA_SPI1_RX_Int_Handler                  0x0000011b   Thumb Code     0  startup_aducrf101.o(.text)
    DMA_SPI1_TX_Int_Handler                  0x0000011b   Thumb Code     0  startup_aducrf101.o(.text)
    DMA_UART_RX_Int_Handler                  0x0000011b   Thumb Code     0  startup_aducrf101.o(.text)
    DMA_UART_TX_Int_Handler                  0x0000011b   Thumb Code     0  startup_aducrf101.o(.text)
    Ext_Int0_Handler                         0x0000011b   Thumb Code     0  startup_aducrf101.o(.text)
    Ext_Int1_Handler                         0x0000011b   Thumb Code     0  startup_aducrf101.o(.text)
    Ext_Int2_Handler                         0x0000011b   Thumb Code     0  startup_aducrf101.o(.text)
    Ext_Int7_Handler                         0x0000011b   Thumb Code     0  startup_aducrf101.o(.text)
    Flsh_Int_Handler                         0x0000011b   Thumb Code     0  startup_aducrf101.o(.text)
    I2C0_Master_Int_Handler                  0x0000011b   Thumb Code     0  startup_aducrf101.o(.text)
    I2C0_Slave_Int_Handler                   0x0000011b   Thumb Code     0  startup_aducrf101.o(.text)
    PWM0_Int_Handler                         0x0000011b   Thumb Code     0  startup_aducrf101.o(.text)
    PWM1_Int_Handler                         0x0000011b   Thumb Code     0  startup_aducrf101.o(.text)
    PWM2_Int_Handler                         0x0000011b   Thumb Code     0  startup_aducrf101.o(.text)
    PWM3_Int_Handler                         0x0000011b   Thumb Code     0  startup_aducrf101.o(.text)
    PWMTrip_Int_Handler                      0x0000011b   Thumb Code     0  startup_aducrf101.o(.text)
    SPI0_Int_Handler                         0x0000011b   Thumb Code     0  startup_aducrf101.o(.text)
    SPI1_Int_Handler                         0x0000011b   Thumb Code     0  startup_aducrf101.o(.text)
    UART_Int_Handler                         0x0000011b   Thumb Code     0  startup_aducrf101.o(.text)
    UnUsed_Handler                           0x0000011b   Thumb Code     0  startup_aducrf101.o(.text)
    WDog_Tmr_Int_Handler                     0x0000011b   Thumb Code     0  startup_aducrf101.o(.text)
    WakeUp_Int_Handler                       0x0000011b   Thumb Code     0  startup_aducrf101.o(.text)
    main                                     0x00000121   Thumb Code    70  main.o(.text)
    Ext_Int3_Handler                         0x00000179   Thumb Code   116  switches.o(.text)
    Ext_Int4_Handler                         0x000001ed   Thumb Code   166  switches.o(.text)
    Ext_Int5_Handler                         0x00000293   Thumb Code   242  switches.o(.text)
    Ext_Int6_Handler                         0x00000385   Thumb Code   242  switches.o(.text)
    GP_Tmr1_Int_Handler                      0x00000477   Thumb Code   138  switches.o(.text)
    Config_External_Interrup                 0x00000501   Thumb Code    78  switches.o(.text)
    batery                                   0x0000057d   Thumb Code    84  batery.o(.text)
    leds                                     0x000005d9   Thumb Code   444  leds.o(.text)
    Config_Timer0                            0x000007ad   Thumb Code    44  microphone.o(.text)
    GP_Tmr0_Int_Handler                      0x000007d9   Thumb Code   164  microphone.o(.text)
    RadioGetAPIVersion                       0x00000899   Thumb Code    12  radioeng.o(.text)
    RadioPowerOff                            0x00000c93   Thumb Code    30  radioeng.o(.text)
    RadioInit                                0x00000cb1   Thumb Code   268  radioeng.o(.text)
    RadioTerminateRadioOp                    0x00000dbd   Thumb Code    14  radioeng.o(.text)
    RadioSetFrequency                        0x00000dcb   Thumb Code    84  radioeng.o(.text)
    RadioSetModulationType                   0x00000e1f   Thumb Code    66  radioeng.o(.text)
    RadioPayldManchesterEncode               0x00000e61   Thumb Code    58  radioeng.o(.text)
    RadioPayldDataWhitening                  0x00000e9b   Thumb Code    58  radioeng.o(.text)
    RadioTxPacketFixedLen                    0x00000ed5   Thumb Code    94  radioeng.o(.text)
    RadioTxPacketComplete                    0x00000f33   Thumb Code     6  radioeng.o(.text)
    RadioTxSetPA                             0x00000f39   Thumb Code   198  radioeng.o(.text)
    RadioTxCarrier                           0x00000fff   Thumb Code    58  radioeng.o(.text)
    RadioTxPreamble                          0x00001039   Thumb Code    58  radioeng.o(.text)
    RadioRxPacketFixedLen                    0x00001073   Thumb Code    70  radioeng.o(.text)
    RadioRxPacketAvailable                   0x000010b9   Thumb Code     6  radioeng.o(.text)
    RadioRxPacketRead                        0x00001173   Thumb Code   116  radioeng.o(.text)
    RadioRxBERTestMode                       0x000011e7   Thumb Code    80  radioeng.o(.text)
    Ext_Int8_Handler                         0x00001237   Thumb Code   110  radioeng.o(.text)
    RadioOn                                  0x000012a5   Thumb Code    10  radioeng.o(.text)
    InitRadioTransmit                        0x000012af   Thumb Code    42  radioeng.o(.text)
    RadioToSleepMode                         0x000012d9   Thumb Code   128  radioeng.o(.text)
    RadioCopyShort                           0x00001359   Thumb Code    20  radioeng.o(.text)
    RadioSend                                0x0000136d   Thumb Code    56  radioeng.o(.text)
    ConfigPins                               0x000013f1   Thumb Code   160  config.o(.text)
    __aeabi_memcpy                           0x000014a5   Thumb Code    36  memcpya.o(.text)
    __aeabi_memcpy4                          0x000014a5   Thumb Code     0  memcpya.o(.text)
    __aeabi_memcpy8                          0x000014a5   Thumb Code     0  memcpya.o(.text)
    __aeabi_dmul                             0x000014c9   Thumb Code   228  dmul.o(.text)
    __aeabi_ui2d                             0x000015ad   Thumb Code    26  dfltui.o(.text)
    __aeabi_d2uiz                            0x000015c7   Thumb Code    50  dfixui.o(.text)
    __aeabi_llsr                             0x000015f9   Thumb Code    32  llushr.o(.text)
    _ll_ushift_r                             0x000015f9   Thumb Code     0  llushr.o(.text)
    __I$use$fp                               0x00001619   Thumb Code     0  iusefp.o(.text)
    _double_round                            0x00001619   Thumb Code    26  depilogue.o(.text)
    _double_epilogue                         0x00001633   Thumb Code   164  depilogue.o(.text)
    __scatterload                            0x000016d9   Thumb Code    28  init.o(.text)
    __scatterload_rt2                        0x000016d9   Thumb Code     0  init.o(.text)
    __aeabi_llsl                             0x000016fd   Thumb Code    30  llshl.o(.text)
    _ll_shift_l                              0x000016fd   Thumb Code     0  llshl.o(.text)
    __scatterload_copy                       0x0000171b   Thumb Code    14  handlers.o(i.__scatterload_copy)
    __scatterload_null                       0x00001729   Thumb Code     2  handlers.o(i.__scatterload_null)
    __scatterload_zeroinit                   0x0000172b   Thumb Code    14  handlers.o(i.__scatterload_zeroinit)
    DR_38_4kbps_Dev19_2kpbs_Configuration    0x00001738   Data          64  radioeng.o(.constdata)
    DR_300_0kbps_Dev75_0kpbs_Configuration   0x00001778   Data          64  radioeng.o(.constdata)
    DR_1_0kbps_Dev10_0kpbs_Configuration     0x000017b8   Data          64  radioeng.o(.constdata)
    Region$$Table$$Base                      0x000017f8   Number         0  anon$$obj.o(Region$$Table)
    Region$$Table$$Limit                     0x00001818   Number         0  anon$$obj.o(Region$$Table)
    state_talk                               0x20000000   Data           4  switches.o(.data)
    state_broadcast                          0x20000004   Data           4  switches.o(.data)
    talkOn                                   0x20000008   Data           4  switches.o(.data)
    num_button                               0x2000000c   Data           4  switches.o(.data)
    channel                                  0x20000010   Data           4  switches.o(.data)
    channel_aux                              0x20000014   Data           4  switches.o(.data)
    state                                    0x20000018   Data           4  switches.o(.data)
    ADC_value                                0x2000001c   Data           2  batery.o(.data)
    ADC_voice                                0x20000020   Data           2  microphone.o(.data)
    num                                      0x20000024   Data           4  microphone.o(.data)
    address                                  0x20000028   Data           2  microphone.o(.data)
    __initial_sp                             0x20000478   Data           0  startup_aducrf101.o(STACK)



==============================================================================

Memory Map of the image

  Image Entry point : 0x000000f1

  Load Region LR_IROM1 (Base: 0x00000000, Size: 0x00001850, Max: 0x00020000, ABSOLUTE)

    Execution Region ER_IROM1 (Base: 0x00000000, Size: 0x00001818, Max: 0x00020000, ABSOLUTE)

    Base Addr    Size         Type   Attr      Idx    E Section Name        Object

    0x00000000   0x000000f0   Data   RO            3    RESET               startup_aducrf101.o
    0x000000f0   0x00000000   Code   RO          229  * .ARM.Collect$$$$00000000  mc_w.l(entry.o)
    0x000000f0   0x00000004   Code   RO          242    .ARM.Collect$$$$00000001  mc_w.l(entry2.o)
    0x000000f4   0x00000004   Code   RO          245    .ARM.Collect$$$$00000004  mc_w.l(entry5.o)
    0x000000f8   0x00000000   Code   RO          247    .ARM.Collect$$$$00000008  mc_w.l(entry7b.o)
    0x000000f8   0x00000008   Code   RO          248    .ARM.Collect$$$$00000009  mc_w.l(entry8.o)
    0x00000100   0x00000004   Code   RO          243    .ARM.Collect$$$$00002712  mc_w.l(entry2.o)
    0x00000104   0x0000001c   Code   RO            4    .text               startup_aducrf101.o
    0x00000120   0x00000058   Code   RO           12    .text               main.o
    0x00000178   0x00000404   Code   RO           68    .text               switches.o
    0x0000057c   0x0000005c   Code   RO           95    .text               batery.o
    0x000005d8   0x000001d4   Code   RO          121    .text               leds.o
    0x000007ac   0x000000ec   Code   RO          141    .text               microphone.o
    0x00000898   0x00000b58   Code   RO          164    .text               radioeng.o
    0x000013f0   0x000000b4   Code   RO          211    .text               config.o
    0x000014a4   0x00000024   Code   RO          232    .text               mc_w.l(memcpya.o)
    0x000014c8   0x000000e4   Code   RO          236    .text               mf_w.l(dmul.o)
    0x000015ac   0x0000001a   Code   RO          238    .text               mf_w.l(dfltui.o)
    0x000015c6   0x00000032   Code   RO          240    .text               mf_w.l(dfixui.o)
    0x000015f8   0x00000020   Code   RO          249    .text               mc_w.l(llushr.o)
    0x00001618   0x00000000   Code   RO          251    .text               mc_w.l(iusefp.o)
    0x00001618   0x000000be   Code   RO          252    .text               mf_w.l(depilogue.o)
    0x000016d6   0x00000002   PAD
    0x000016d8   0x00000024   Code   RO          254    .text               mc_w.l(init.o)
    0x000016fc   0x0000001e   Code   RO          256    .text               mc_w.l(llshl.o)
    0x0000171a   0x0000000e   Code   RO          260    i.__scatterload_copy  mc_w.l(handlers.o)
    0x00001728   0x00000002   Code   RO          261    i.__scatterload_null  mc_w.l(handlers.o)
    0x0000172a   0x0000000e   Code   RO          262    i.__scatterload_zeroinit  mc_w.l(handlers.o)
    0x00001738   0x000000c0   Data   RO          166    .constdata          radioeng.o
    0x000017f8   0x00000020   Data   RO          258    Region$$Table       anon$$obj.o


    Execution Region RW_IRAM1 (Base: 0x20000000, Size: 0x00000478, Max: 0x00004000, ABSOLUTE)

    Base Addr    Size         Type   Attr      Idx    E Section Name        Object

    0x20000000   0x0000001c   Data   RW           69    .data               switches.o
    0x2000001c   0x00000002   Data   RW           96    .data               batery.o
    0x2000001e   0x00000002   PAD
    0x20000020   0x0000000a   Data   RW          142    .data               microphone.o
    0x2000002a   0x00000002   PAD
    0x2000002c   0x0000000a   Data   RW          167    .data               radioeng.o
    0x20000036   0x00000002   PAD
    0x20000038   0x00000040   Zero   RW          165    .bss                radioeng.o
    0x20000078   0x00000400   Zero   RW            1    STACK               startup_aducrf101.o


==============================================================================

Image component sizes


      Code (inc. data)   RO Data    RW Data    ZI Data      Debug   Object Name

        92          8          0          2          0        609   batery.o
       180         20          0          0          0        401   config.o
       468         40          0          0          0        643   leds.o
        88         18          0          0          0     214191   main.o
       236         28          0         10          0        860   microphone.o
      2904        172        192         10         64      38337   radioeng.o
        28          4        240          0       1024        788   startup_aducrf101.o
      1028         70          0         28          0       1900   switches.o

    ----------------------------------------------------------------------
      5024        360        464         56       1088     257729   Object Totals
         0          0         32          0          0          0   (incl. Generated)
         0          0          0          6          0          0   (incl. Padding)

    ----------------------------------------------------------------------

      Code (inc. data)   RO Data    RW Data    ZI Data      Debug   Library Member Name

         0          0          0          0          0          0   entry.o
         8          4          0          0          0          0   entry2.o
         4          0          0          0          0          0   entry5.o
         0          0          0          0          0          0   entry7b.o
         8          4          0          0          0          0   entry8.o
        30          0          0          0          0          0   handlers.o
        36          8          0          0          0         68   init.o
         0          0          0          0          0          0   iusefp.o
        30          0          0          0          0         68   llshl.o
        32          0          0          0          0         68   llushr.o
        36          0          0          0          0         68   memcpya.o
       190          0          0          0          0        176   depilogue.o
        50          0          0          0          0         76   dfixui.o
        26          0          0          0          0         76   dfltui.o
       228          0          0          0          0         92   dmul.o

    ----------------------------------------------------------------------
       680         16          0          0          0        692   Library Totals
         2          0          0          0          0          0   (incl. Padding)

    ----------------------------------------------------------------------

      Code (inc. data)   RO Data    RW Data    ZI Data      Debug   Library Name

       184         16          0          0          0        272   mc_w.l
       494          0          0          0          0        420   mf_w.l

    ----------------------------------------------------------------------
       680         16          0          0          0        692   Library Totals

    ----------------------------------------------------------------------

==============================================================================


      Code (inc. data)   RO Data    RW Data    ZI Data      Debug   

      5704        376        464         56       1088     257641   Grand Totals
      5704        376        464         56       1088     257641   ELF Image Totals
      5704        376        464         56          0          0   ROM Totals

==============================================================================

    Total RO  Size (Code + RO Data)                 6168 (   6.02kB)
    Total RW  Size (RW Data + ZI Data)              1144 (   1.12kB)
    Total ROM Size (Code + RO Data + RW Data)       6224 (   6.08kB)

==============================================================================

