ARM Linker, 5.02 [Build 28] [MDK-ARM Lite]

==============================================================================

Section Cross References

    startup_aducrf101.o(RESET) refers to startup_aducrf101.o(STACK) for __initial_sp
    startup_aducrf101.o(RESET) refers to startup_aducrf101.o(.text) for Reset_Handler
    startup_aducrf101.o(RESET) refers to switches.o(.text) for Ext_Int3_Handler
    startup_aducrf101.o(RESET) refers to radioeng.o(.text) for Ext_Int8_Handler
    startup_aducrf101.o(.text) refers to entry.o(.ARM.Collect$$$$00000000) for __main
    switches.o(.text) refers to wdtlib.o(.text) for WdtGo
    switches.o(.text) refers to leds.o(.text) for leds
    switches.o(.text) refers to switches.o(.data) for num_button
    switches.o(.text) refers to switches.o(.bss) for array
    main.o(.text) refers to switches.o(.text) for Config_External_Interrup
    main.o(.text) refers to wdtlib.o(.text) for WdtCfg
    main.o(.text) refers to leds.o(.text) for leds
    main.o(.text) refers to radioeng.o(.text) for InitRadioTransmit
    main.o(.text) refers to microphone.o(.text) for microphone
    main.o(.text) refers to batery.o(.text) for batery
    main.o(.text) refers to switches.o(.data) for channel
    batery.o(.text) refers to leds.o(.text) for leds
    microphone.o(.text) refers to radioeng.o(.text) for RadioSend
    microphone.o(.text) refers to switches.o(.bss) for array
    microphone.o(.text) refers to switches.o(.data) for num
    radioeng.o(.text) refers to memcpya.o(.text) for __aeabi_memcpy
    radioeng.o(.text) refers to radioeng.o(.bss) for RadioConfiguration
    radioeng.o(.text) refers to radioeng.o(.data) for bTestModeEnabled
    radioeng.o(.text) refers to radioeng.o(.constdata) for DR_1_0kbps_Dev10_0kpbs_Configuration
    radioeng.o(.text) refers to dfltui.o(.text) for __aeabi_ui2d
    radioeng.o(.text) refers to dmul.o(.text) for __aeabi_dmul
    radioeng.o(.text) refers to dfixui.o(.text) for __aeabi_d2uiz
    radioeng.o(.text) refers to wdtlib.o(.text) for WdtGo
    entry.o(.ARM.Collect$$$$00000000) refers (Special) to entry7b.o(.ARM.Collect$$$$00000008) for _main_clock
    entry.o(.ARM.Collect$$$$00000000) refers (Special) to entry8.o(.ARM.Collect$$$$00000009) for _main_init
    entry.o(.ARM.Collect$$$$00000000) refers (Special) to entry5.o(.ARM.Collect$$$$00000004) for _main_scatterload
    entry.o(.ARM.Collect$$$$00000000) refers (Special) to entry2.o(.ARM.Collect$$$$00000001) for _main_stk
    dmul.o(.text) refers (Special) to iusefp.o(.text) for __I$use$fp
    dmul.o(.text) refers to depilogue.o(.text) for _double_epilogue
    dfltui.o(.text) refers (Special) to iusefp.o(.text) for __I$use$fp
    dfltui.o(.text) refers to depilogue.o(.text) for _double_epilogue
    dfixui.o(.text) refers (Special) to iusefp.o(.text) for __I$use$fp
    dfixui.o(.text) refers to llushr.o(.text) for __aeabi_llsr
    entry2.o(.ARM.Collect$$$$00000001) refers to entry2.o(.ARM.Collect$$$$00002712) for __lit__00000000
    entry2.o(.ARM.Collect$$$$00002712) refers to startup_aducrf101.o(STACK) for __initial_sp
    entry2.o(__vectab_stack_and_reset_area) refers to startup_aducrf101.o(STACK) for __initial_sp
    entry2.o(__vectab_stack_and_reset_area) refers to entry.o(.ARM.Collect$$$$00000000) for __main
    entry5.o(.ARM.Collect$$$$00000004) refers to init.o(.text) for __scatterload
    entry8.o(.ARM.Collect$$$$00000009) refers to main.o(.text) for main
    depilogue.o(.text) refers to llshl.o(.text) for __aeabi_llsl
    depilogue.o(.text) refers to llushr.o(.text) for __aeabi_llsr
    init.o(.text) refers to entry5.o(.ARM.Collect$$$$00000004) for __main_after_scatterload


==============================================================================

Removing Unused input sections from the image.

    Removing startup_aducrf101.o(HEAP), (512 bytes).
    Removing switches.o(.rev16_text), (4 bytes).
    Removing switches.o(.revsh_text), (4 bytes).
    Removing main.o(.rev16_text), (4 bytes).
    Removing main.o(.revsh_text), (4 bytes).
    Removing batery.o(.rev16_text), (4 bytes).
    Removing batery.o(.revsh_text), (4 bytes).
    Removing leds.o(.rev16_text), (4 bytes).
    Removing leds.o(.revsh_text), (4 bytes).
    Removing wdtlib.o(.rev16_text), (4 bytes).
    Removing wdtlib.o(.revsh_text), (4 bytes).
    Removing microphone.o(.rev16_text), (4 bytes).
    Removing microphone.o(.revsh_text), (4 bytes).
    Removing radioeng.o(.rev16_text), (4 bytes).
    Removing radioeng.o(.revsh_text), (4 bytes).

15 unused section(s) (total 568 bytes) removed from the image.

==============================================================================

Image Symbol Table

    Local Symbols

    Symbol Name                              Value     Ov Type        Size  Object(Section)

    RESET                                    0x00000000   Section      240  startup_aducrf101.o(RESET)
    ../clib/microlib/init/entry.s            0x00000000   Number         0  entry7a.o ABSOLUTE
    ../clib/microlib/init/entry.s            0x00000000   Number         0  entry7b.o ABSOLUTE
    ../clib/microlib/init/entry.s            0x00000000   Number         0  entry8.o ABSOLUTE
    ../clib/microlib/init/entry.s            0x00000000   Number         0  entry2.o ABSOLUTE
    ../clib/microlib/init/entry.s            0x00000000   Number         0  entry5.o ABSOLUTE
    ../clib/microlib/init/entry.s            0x00000000   Number         0  entry.o ABSOLUTE
    ../clib/microlib/longlong.c              0x00000000   Number         0  llshl.o ABSOLUTE
    ../clib/microlib/longlong.c              0x00000000   Number         0  llushr.o ABSOLUTE
    ../clib/microlib/string/memcpy.c         0x00000000   Number         0  memcpyb.o ABSOLUTE
    ../clib/microlib/string/memcpy.c         0x00000000   Number         0  memcpya.o ABSOLUTE
    ../clib/microlib/stubs.s                 0x00000000   Number         0  useno.o ABSOLUTE
    ../clib/microlib/stubs.s                 0x00000000   Number         0  iusefp.o ABSOLUTE
    ../fplib/microlib/fpepilogue.c           0x00000000   Number         0  depilogue.o ABSOLUTE
    ../fplib/microlib/fpfix.c                0x00000000   Number         0  dfixui.o ABSOLUTE
    ../fplib/microlib/fpflt.c                0x00000000   Number         0  dfltui.o ABSOLUTE
    ../fplib/microlib/fpmul.c                0x00000000   Number         0  dmul.o ABSOLUTE
    ..\..\Common\RealView\startup_ADuCRF101.s 0x00000000   Number         0  startup_aducrf101.o ABSOLUTE
    WdtLib.c                                 0x00000000   Number         0  wdtlib.o ABSOLUTE
    WdtLib.c                                 0x00000000   Number         0  wdtlib.o ABSOLUTE
    batery.c                                 0x00000000   Number         0  batery.o ABSOLUTE
    batery.c                                 0x00000000   Number         0  batery.o ABSOLUTE
    dc.s                                     0x00000000   Number         0  dc.o ABSOLUTE
    handlers.s                               0x00000000   Number         0  handlers.o ABSOLUTE
    init.s                                   0x00000000   Number         0  init.o ABSOLUTE
    leds.c                                   0x00000000   Number         0  leds.o ABSOLUTE
    leds.c                                   0x00000000   Number         0  leds.o ABSOLUTE
    main.c                                   0x00000000   Number         0  main.o ABSOLUTE
    main.c                                   0x00000000   Number         0  main.o ABSOLUTE
    microphone.c                             0x00000000   Number         0  microphone.o ABSOLUTE
    microphone.c                             0x00000000   Number         0  microphone.o ABSOLUTE
    radioeng.c                               0x00000000   Number         0  radioeng.o ABSOLUTE
    radioeng.c                               0x00000000   Number         0  radioeng.o ABSOLUTE
    switches.c                               0x00000000   Number         0  switches.o ABSOLUTE
    switches.c                               0x00000000   Number         0  switches.o ABSOLUTE
    .ARM.Collect$$$$00000000                 0x000000f0   Section        0  entry.o(.ARM.Collect$$$$00000000)
    .ARM.Collect$$$$00000001                 0x000000f0   Section        4  entry2.o(.ARM.Collect$$$$00000001)
    .ARM.Collect$$$$00000004                 0x000000f4   Section        4  entry5.o(.ARM.Collect$$$$00000004)
    .ARM.Collect$$$$00000008                 0x000000f8   Section        0  entry7b.o(.ARM.Collect$$$$00000008)
    .ARM.Collect$$$$00000009                 0x000000f8   Section        8  entry8.o(.ARM.Collect$$$$00000009)
    .ARM.Collect$$$$00002712                 0x00000100   Section        4  entry2.o(.ARM.Collect$$$$00002712)
    __lit__00000000                          0x00000100   Data           4  entry2.o(.ARM.Collect$$$$00002712)
    .text                                    0x00000104   Section       28  startup_aducrf101.o(.text)
    .text                                    0x00000120   Section        0  switches.o(.text)
    .text                                    0x0000047c   Section        0  main.o(.text)
    .text                                    0x00000548   Section        0  batery.o(.text)
    .text                                    0x0000058c   Section        0  leds.o(.text)
    .text                                    0x00000760   Section        0  wdtlib.o(.text)
    .text                                    0x000007c8   Section        0  microphone.o(.text)
    .text                                    0x0000082c   Section        0  radioeng.o(.text)
    RadioSPIXferByte                         0x00000839   Thumb Code    44  radioeng.o(.text)
    RadioReadState                           0x00000865   Thumb Code    74  radioeng.o(.text)
    RadioWaitOnState                         0x000008af   Thumb Code    30  radioeng.o(.text)
    RadioSendCommandBytes                    0x000008cd   Thumb Code    66  radioeng.o(.text)
    RadioSendCommandNoWait                   0x0000090f   Thumb Code    16  radioeng.o(.text)
    RadioToOnMode                            0x0000091f   Thumb Code   128  radioeng.o(.text)
    RadioWaitOnCmdLdr                        0x0000099f   Thumb Code    80  radioeng.o(.text)
    RadioSendCommandWait                     0x000009ef   Thumb Code    32  radioeng.o(.text)
    RadioMMapWrite                           0x00000a0f   Thumb Code   100  radioeng.o(.text)
    RadioToOffMode                           0x00000a73   Thumb Code   128  radioeng.o(.text)
    RadioConfigure                           0x00000af3   Thumb Code    48  radioeng.o(.text)
    RadioCommitRadioConfig                   0x00000b23   Thumb Code   100  radioeng.o(.text)
    SetRadioConfiguration                    0x00000b87   Thumb Code    92  radioeng.o(.text)
    RadioSyncComms                           0x00000be3   Thumb Code    26  radioeng.o(.text)
    RadioWaitForPowerUp                      0x00000bfd   Thumb Code    42  radioeng.o(.text)
    RadioMMapRead                            0x00001053   Thumb Code   180  radioeng.o(.text)
    NVIC_EnableIRQ                           0x000012fb   Thumb Code    24  radioeng.o(.text)
    NVIC_DisableIRQ                          0x00001313   Thumb Code    18  radioeng.o(.text)
    .text                                    0x00001344   Section        0  memcpya.o(.text)
    .text                                    0x00001368   Section        0  dmul.o(.text)
    .text                                    0x0000144c   Section        0  dfltui.o(.text)
    .text                                    0x00001466   Section        0  dfixui.o(.text)
    .text                                    0x00001498   Section        0  llushr.o(.text)
    .text                                    0x000014b8   Section        0  iusefp.o(.text)
    .text                                    0x000014b8   Section        0  depilogue.o(.text)
    .text                                    0x00001578   Section       36  init.o(.text)
    .text                                    0x0000159c   Section        0  llshl.o(.text)
    i.__scatterload_copy                     0x000015ba   Section       14  handlers.o(i.__scatterload_copy)
    i.__scatterload_null                     0x000015c8   Section        2  handlers.o(i.__scatterload_null)
    i.__scatterload_zeroinit                 0x000015ca   Section       14  handlers.o(i.__scatterload_zeroinit)
    .constdata                               0x000015d8   Section      192  radioeng.o(.constdata)
    .data                                    0x20000000   Section       36  switches.o(.data)
    .data                                    0x20000024   Section       10  radioeng.o(.data)
    bRadioConfigurationChanged               0x20000024   Data           1  radioeng.o(.data)
    bTestModeEnabled                         0x20000025   Data           1  radioeng.o(.data)
    DataRate                                 0x20000028   Data           4  radioeng.o(.data)
    bPacketTx                                0x2000002c   Data           1  radioeng.o(.data)
    bPacketRx                                0x2000002d   Data           1  radioeng.o(.data)
    .bss                                     0x20000030   Section      240  switches.o(.bss)
    .bss                                     0x20000120   Section       64  radioeng.o(.bss)
    RadioConfiguration                       0x20000120   Data          64  radioeng.o(.bss)
    STACK                                    0x20000160   Section     1024  startup_aducrf101.o(STACK)

    Global Symbols

    Symbol Name                              Value     Ov Type        Size  Object(Section)

    BuildAttributes$$THM_ISAv4$P$D$K$B$S$PE$A:L22UL41UL21$X:L11$S22US41US21$IEEE1$IW$USESV6$~STKCKD$USESV7$~SHL$OSPACE$ROPI$EBA8$MICROLIB$REQ8$PRES8$EABIv2 0x00000000   Number         0  anon$$obj.o ABSOLUTE
    __ARM_use_no_argv                        0x00000000   Number         0  main.o ABSOLUTE
    __Vectors                                0x00000000   Data           4  startup_aducrf101.o(RESET)
    __use_no_errno                           0x00000000   Number         0  useno.o ABSOLUTE
    __use_no_exception_handling              0x00000000   Number         0  useno.o ABSOLUTE
    __use_no_fp                              0x00000000   Number         0  useno.o ABSOLUTE
    __use_no_heap                            0x00000000   Number         0  useno.o ABSOLUTE
    __use_no_heap_region                     0x00000000   Number         0  useno.o ABSOLUTE
    __use_no_semihosting                     0x00000000   Number         0  useno.o ABSOLUTE
    __use_no_semihosting_swi                 0x00000000   Number         0  useno.o ABSOLUTE
    __use_no_signal_handling                 0x00000000   Number         0  useno.o ABSOLUTE
    __decompress                              - Undefined Weak Reference
    _clock_init                               - Undefined Weak Reference
    __Vectors_End                            0x000000f0   Data           0  startup_aducrf101.o(RESET)
    __Vectors_Size                           0x000000f0   Number         0  startup_aducrf101.o ABSOLUTE
    __main                                   0x000000f1   Thumb Code     0  entry.o(.ARM.Collect$$$$00000000)
    _main_stk                                0x000000f1   Thumb Code     0  entry2.o(.ARM.Collect$$$$00000001)
    _main_scatterload                        0x000000f5   Thumb Code     0  entry5.o(.ARM.Collect$$$$00000004)
    __main_after_scatterload                 0x000000f9   Thumb Code     0  entry5.o(.ARM.Collect$$$$00000004)
    _main_clock                              0x000000f9   Thumb Code     0  entry7b.o(.ARM.Collect$$$$00000008)
    _main_init                               0x000000f9   Thumb Code     0  entry8.o(.ARM.Collect$$$$00000009)
    Reset_Handler                            0x00000105   Thumb Code     4  startup_aducrf101.o(.text)
    NMI_Handler                              0x00000109   Thumb Code     2  startup_aducrf101.o(.text)
    HardFault_Handler                        0x0000010b   Thumb Code     2  startup_aducrf101.o(.text)
    MemManage_Handler                        0x0000010d   Thumb Code     2  startup_aducrf101.o(.text)
    BusFault_Handler                         0x0000010f   Thumb Code     2  startup_aducrf101.o(.text)
    UsageFault_Handler                       0x00000111   Thumb Code     2  startup_aducrf101.o(.text)
    SVC_Handler                              0x00000113   Thumb Code     2  startup_aducrf101.o(.text)
    DebugMon_Handler                         0x00000115   Thumb Code     2  startup_aducrf101.o(.text)
    PendSV_Handler                           0x00000117   Thumb Code     2  startup_aducrf101.o(.text)
    SysTick_Handler                          0x00000119   Thumb Code     2  startup_aducrf101.o(.text)
    ADC0_Int_Handler                         0x0000011b   Thumb Code     0  startup_aducrf101.o(.text)
    DMA_ADC_Int_Handler                      0x0000011b   Thumb Code     0  startup_aducrf101.o(.text)
    DMA_Err_Int_Handler                      0x0000011b   Thumb Code     0  startup_aducrf101.o(.text)
    DMA_I2C0_MRX_Int_Handler                 0x0000011b   Thumb Code     0  startup_aducrf101.o(.text)
    DMA_I2C0_MTX_Int_Handler                 0x0000011b   Thumb Code     0  startup_aducrf101.o(.text)
    DMA_I2C0_SRX_Int_Handler                 0x0000011b   Thumb Code     0  startup_aducrf101.o(.text)
    DMA_I2C0_STX_Int_Handler                 0x0000011b   Thumb Code     0  startup_aducrf101.o(.text)
    DMA_SPI0_RX_Int_Handler                  0x0000011b   Thumb Code     0  startup_aducrf101.o(.text)
    DMA_SPI0_TX_Int_Handler                  0x0000011b   Thumb Code     0  startup_aducrf101.o(.text)
    DMA_SPI1_RX_Int_Handler                  0x0000011b   Thumb Code     0  startup_aducrf101.o(.text)
    DMA_SPI1_TX_Int_Handler                  0x0000011b   Thumb Code     0  startup_aducrf101.o(.text)
    DMA_UART_RX_Int_Handler                  0x0000011b   Thumb Code     0  startup_aducrf101.o(.text)
    DMA_UART_TX_Int_Handler                  0x0000011b   Thumb Code     0  startup_aducrf101.o(.text)
    Ext_Int0_Handler                         0x0000011b   Thumb Code     0  startup_aducrf101.o(.text)
    Ext_Int1_Handler                         0x0000011b   Thumb Code     0  startup_aducrf101.o(.text)
    Ext_Int2_Handler                         0x0000011b   Thumb Code     0  startup_aducrf101.o(.text)
    Ext_Int7_Handler                         0x0000011b   Thumb Code     0  startup_aducrf101.o(.text)
    Flsh_Int_Handler                         0x0000011b   Thumb Code     0  startup_aducrf101.o(.text)
    GP_Tmr0_Int_Handler                      0x0000011b   Thumb Code     0  startup_aducrf101.o(.text)
    I2C0_Master_Int_Handler                  0x0000011b   Thumb Code     0  startup_aducrf101.o(.text)
    I2C0_Slave_Int_Handler                   0x0000011b   Thumb Code     0  startup_aducrf101.o(.text)
    PWM0_Int_Handler                         0x0000011b   Thumb Code     0  startup_aducrf101.o(.text)
    PWM1_Int_Handler                         0x0000011b   Thumb Code     0  startup_aducrf101.o(.text)
    PWM2_Int_Handler                         0x0000011b   Thumb Code     0  startup_aducrf101.o(.text)
    PWM3_Int_Handler                         0x0000011b   Thumb Code     0  startup_aducrf101.o(.text)
    PWMTrip_Int_Handler                      0x0000011b   Thumb Code     0  startup_aducrf101.o(.text)
    SPI0_Int_Handler                         0x0000011b   Thumb Code     0  startup_aducrf101.o(.text)
    SPI1_Int_Handler                         0x0000011b   Thumb Code     0  startup_aducrf101.o(.text)
    UART_Int_Handler                         0x0000011b   Thumb Code     0  startup_aducrf101.o(.text)
    UnUsed_Handler                           0x0000011b   Thumb Code     0  startup_aducrf101.o(.text)
    WDog_Tmr_Int_Handler                     0x0000011b   Thumb Code     0  startup_aducrf101.o(.text)
    WakeUp_Int_Handler                       0x0000011b   Thumb Code     0  startup_aducrf101.o(.text)
    Ext_Int3_Handler                         0x00000121   Thumb Code   158  switches.o(.text)
    Ext_Int4_Handler                         0x000001bf   Thumb Code   158  switches.o(.text)
    Ext_Int5_Handler                         0x0000025d   Thumb Code   136  switches.o(.text)
    Ext_Int6_Handler                         0x000002e5   Thumb Code   136  switches.o(.text)
    GP_Tmr1_Int_Handler                      0x0000036d   Thumb Code   138  switches.o(.text)
    Config_External_Interrup                 0x000003f7   Thumb Code    86  switches.o(.text)
    main                                     0x0000047d   Thumb Code   180  main.o(.text)
    batery                                   0x00000549   Thumb Code    64  batery.o(.text)
    leds                                     0x0000058d   Thumb Code   444  leds.o(.text)
    WdtCfg                                   0x00000761   Thumb Code    32  wdtlib.o(.text)
    WdtGo                                    0x00000781   Thumb Code    24  wdtlib.o(.text)
    WdtLd                                    0x00000799   Thumb Code    12  wdtlib.o(.text)
    WdtVal                                   0x000007a5   Thumb Code     8  wdtlib.o(.text)
    WdtSta                                   0x000007ad   Thumb Code     8  wdtlib.o(.text)
    WdtClrInt                                0x000007b5   Thumb Code    12  wdtlib.o(.text)
    microphone                               0x000007c9   Thumb Code    88  microphone.o(.text)
    RadioGetAPIVersion                       0x0000082d   Thumb Code    12  radioeng.o(.text)
    RadioPowerOff                            0x00000c27   Thumb Code    30  radioeng.o(.text)
    RadioInit                                0x00000c45   Thumb Code   268  radioeng.o(.text)
    RadioTerminateRadioOp                    0x00000d51   Thumb Code    14  radioeng.o(.text)
    RadioSetFrequency                        0x00000d5f   Thumb Code    84  radioeng.o(.text)
    RadioSetModulationType                   0x00000db3   Thumb Code    66  radioeng.o(.text)
    RadioPayldManchesterEncode               0x00000df5   Thumb Code    58  radioeng.o(.text)
    RadioPayldDataWhitening                  0x00000e2f   Thumb Code    58  radioeng.o(.text)
    RadioTxPacketFixedLen                    0x00000e69   Thumb Code    94  radioeng.o(.text)
    RadioTxPacketComplete                    0x00000ec7   Thumb Code     6  radioeng.o(.text)
    RadioTxSetPA                             0x00000ecd   Thumb Code   198  radioeng.o(.text)
    RadioTxCarrier                           0x00000f93   Thumb Code    58  radioeng.o(.text)
    RadioTxPreamble                          0x00000fcd   Thumb Code    58  radioeng.o(.text)
    RadioRxPacketFixedLen                    0x00001007   Thumb Code    70  radioeng.o(.text)
    RadioRxPacketAvailable                   0x0000104d   Thumb Code     6  radioeng.o(.text)
    RadioRxPacketRead                        0x00001107   Thumb Code   116  radioeng.o(.text)
    RadioRxBERTestMode                       0x0000117b   Thumb Code    80  radioeng.o(.text)
    Ext_Int8_Handler                         0x000011cb   Thumb Code   110  radioeng.o(.text)
    InitRadioTransmit                        0x00001239   Thumb Code    44  radioeng.o(.text)
    RadioSend                                0x00001265   Thumb Code    22  radioeng.o(.text)
    RadioToSleepMode                         0x0000127b   Thumb Code   128  radioeng.o(.text)
    __aeabi_memcpy                           0x00001345   Thumb Code    36  memcpya.o(.text)
    __aeabi_memcpy4                          0x00001345   Thumb Code     0  memcpya.o(.text)
    __aeabi_memcpy8                          0x00001345   Thumb Code     0  memcpya.o(.text)
    __aeabi_dmul                             0x00001369   Thumb Code   228  dmul.o(.text)
    __aeabi_ui2d                             0x0000144d   Thumb Code    26  dfltui.o(.text)
    __aeabi_d2uiz                            0x00001467   Thumb Code    50  dfixui.o(.text)
    __aeabi_llsr                             0x00001499   Thumb Code    32  llushr.o(.text)
    _ll_ushift_r                             0x00001499   Thumb Code     0  llushr.o(.text)
    __I$use$fp                               0x000014b9   Thumb Code     0  iusefp.o(.text)
    _double_round                            0x000014b9   Thumb Code    26  depilogue.o(.text)
    _double_epilogue                         0x000014d3   Thumb Code   164  depilogue.o(.text)
    __scatterload                            0x00001579   Thumb Code    28  init.o(.text)
    __scatterload_rt2                        0x00001579   Thumb Code     0  init.o(.text)
    __aeabi_llsl                             0x0000159d   Thumb Code    30  llshl.o(.text)
    _ll_shift_l                              0x0000159d   Thumb Code     0  llshl.o(.text)
    __scatterload_copy                       0x000015bb   Thumb Code    14  handlers.o(i.__scatterload_copy)
    __scatterload_null                       0x000015c9   Thumb Code     2  handlers.o(i.__scatterload_null)
    __scatterload_zeroinit                   0x000015cb   Thumb Code    14  handlers.o(i.__scatterload_zeroinit)
    DR_38_4kbps_Dev19_2kpbs_Configuration    0x000015d8   Data          64  radioeng.o(.constdata)
    DR_300_0kbps_Dev75_0kpbs_Configuration   0x00001618   Data          64  radioeng.o(.constdata)
    DR_1_0kbps_Dev10_0kpbs_Configuration     0x00001658   Data          64  radioeng.o(.constdata)
    Region$$Table$$Base                      0x00001698   Number         0  anon$$obj.o(Region$$Table)
    Region$$Table$$Limit                     0x000016b8   Number         0  anon$$obj.o(Region$$Table)
    state_talk                               0x20000000   Data           4  switches.o(.data)
    state_broadcast                          0x20000004   Data           4  switches.o(.data)
    talkOn                                   0x20000008   Data           4  switches.o(.data)
    num_button                               0x2000000c   Data           4  switches.o(.data)
    channel                                  0x20000010   Data           4  switches.o(.data)
    channel_aux                              0x20000014   Data           4  switches.o(.data)
    state                                    0x20000018   Data           4  switches.o(.data)
    num                                      0x2000001c   Data           4  switches.o(.data)
    i                                        0x20000020   Data           4  switches.o(.data)
    array                                    0x20000030   Data         240  switches.o(.bss)
    __initial_sp                             0x20000560   Data           0  startup_aducrf101.o(STACK)



==============================================================================

Memory Map of the image

  Image Entry point : 0x000000f1

  Load Region LR_IROM1 (Base: 0x00000000, Size: 0x000016e8, Max: 0x00020000, ABSOLUTE)

    Execution Region ER_IROM1 (Base: 0x00000000, Size: 0x000016b8, Max: 0x00020000, ABSOLUTE)

    Base Addr    Size         Type   Attr      Idx    E Section Name        Object

    0x00000000   0x000000f0   Data   RO            3    RESET               startup_aducrf101.o
    0x000000f0   0x00000000   Code   RO          213  * .ARM.Collect$$$$00000000  mc_w.l(entry.o)
    0x000000f0   0x00000004   Code   RO          226    .ARM.Collect$$$$00000001  mc_w.l(entry2.o)
    0x000000f4   0x00000004   Code   RO          229    .ARM.Collect$$$$00000004  mc_w.l(entry5.o)
    0x000000f8   0x00000000   Code   RO          231    .ARM.Collect$$$$00000008  mc_w.l(entry7b.o)
    0x000000f8   0x00000008   Code   RO          232    .ARM.Collect$$$$00000009  mc_w.l(entry8.o)
    0x00000100   0x00000004   Code   RO          227    .ARM.Collect$$$$00002712  mc_w.l(entry2.o)
    0x00000104   0x0000001c   Code   RO            4    .text               startup_aducrf101.o
    0x00000120   0x0000035c   Code   RO           12    .text               switches.o
    0x0000047c   0x000000cc   Code   RO           56    .text               main.o
    0x00000548   0x00000044   Code   RO           80    .text               batery.o
    0x0000058c   0x000001d4   Code   RO          100    .text               leds.o
    0x00000760   0x00000068   Code   RO          120    .text               wdtlib.o
    0x000007c8   0x00000064   Code   RO          147    .text               microphone.o
    0x0000082c   0x00000b18   Code   RO          168    .text               radioeng.o
    0x00001344   0x00000024   Code   RO          216    .text               mc_w.l(memcpya.o)
    0x00001368   0x000000e4   Code   RO          220    .text               mf_w.l(dmul.o)
    0x0000144c   0x0000001a   Code   RO          222    .text               mf_w.l(dfltui.o)
    0x00001466   0x00000032   Code   RO          224    .text               mf_w.l(dfixui.o)
    0x00001498   0x00000020   Code   RO          233    .text               mc_w.l(llushr.o)
    0x000014b8   0x00000000   Code   RO          235    .text               mc_w.l(iusefp.o)
    0x000014b8   0x000000be   Code   RO          236    .text               mf_w.l(depilogue.o)
    0x00001576   0x00000002   PAD
    0x00001578   0x00000024   Code   RO          238    .text               mc_w.l(init.o)
    0x0000159c   0x0000001e   Code   RO          240    .text               mc_w.l(llshl.o)
    0x000015ba   0x0000000e   Code   RO          244    i.__scatterload_copy  mc_w.l(handlers.o)
    0x000015c8   0x00000002   Code   RO          245    i.__scatterload_null  mc_w.l(handlers.o)
    0x000015ca   0x0000000e   Code   RO          246    i.__scatterload_zeroinit  mc_w.l(handlers.o)
    0x000015d8   0x000000c0   Data   RO          170    .constdata          radioeng.o
    0x00001698   0x00000020   Data   RO          242    Region$$Table       anon$$obj.o


    Execution Region RW_IRAM1 (Base: 0x20000000, Size: 0x00000560, Max: 0x00004000, ABSOLUTE)

    Base Addr    Size         Type   Attr      Idx    E Section Name        Object

    0x20000000   0x00000024   Data   RW           14    .data               switches.o
    0x20000024   0x0000000a   Data   RW          171    .data               radioeng.o
    0x2000002e   0x00000002   PAD
    0x20000030   0x000000f0   Zero   RW           13    .bss                switches.o
    0x20000120   0x00000040   Zero   RW          169    .bss                radioeng.o
    0x20000160   0x00000400   Zero   RW            1    STACK               startup_aducrf101.o


==============================================================================

Image component sizes


      Code (inc. data)   RO Data    RW Data    ZI Data      Debug   Object Name

        68          4          0          0          0        437   batery.o
       468         40          0          0          0        643   leds.o
       204         24          0          0          0       1431   main.o
       100         12          0          0          0        465   microphone.o
      2840        170        192         10         64      37978   radioeng.o
        28          4        240          0       1024        788   startup_aducrf101.o
       860         48          0         36        240     214936   switches.o
       104          8          0          0          0       1237   wdtlib.o

    ----------------------------------------------------------------------
      4672        310        464         48       1328     257915   Object Totals
         0          0         32          0          0          0   (incl. Generated)
         0          0          0          2          0          0   (incl. Padding)

    ----------------------------------------------------------------------

      Code (inc. data)   RO Data    RW Data    ZI Data      Debug   Library Member Name

         0          0          0          0          0          0   entry.o
         8          4          0          0          0          0   entry2.o
         4          0          0          0          0          0   entry5.o
         0          0          0          0          0          0   entry7b.o
         8          4          0          0          0          0   entry8.o
        30          0          0          0          0          0   handlers.o
        36          8          0          0          0         68   init.o
         0          0          0          0          0          0   iusefp.o
        30          0          0          0          0         68   llshl.o
        32          0          0          0          0         68   llushr.o
        36          0          0          0          0         68   memcpya.o
       190          0          0          0          0        176   depilogue.o
        50          0          0          0          0         76   dfixui.o
        26          0          0          0          0         76   dfltui.o
       228          0          0          0          0         92   dmul.o

    ----------------------------------------------------------------------
       680         16          0          0          0        692   Library Totals
         2          0          0          0          0          0   (incl. Padding)

    ----------------------------------------------------------------------

      Code (inc. data)   RO Data    RW Data    ZI Data      Debug   Library Name

       184         16          0          0          0        272   mc_w.l
       494          0          0          0          0        420   mf_w.l

    ----------------------------------------------------------------------
       680         16          0          0          0        692   Library Totals

    ----------------------------------------------------------------------

==============================================================================


      Code (inc. data)   RO Data    RW Data    ZI Data      Debug   

      5352        326        464         48       1328     257775   Grand Totals
      5352        326        464         48       1328     257775   ELF Image Totals
      5352        326        464         48          0          0   ROM Totals

==============================================================================

    Total RO  Size (Code + RO Data)                 5816 (   5.68kB)
    Total RW  Size (RW Data + ZI Data)              1376 (   1.34kB)
    Total ROM Size (Code + RO Data + RW Data)       5864 (   5.73kB)

==============================================================================

